Command line invocation:
    /Applications/Xcode.app/Contents/Developer/usr/bin/xcodebuild -scheme Starcat -destination platform=macOS,arch=arm64 test -only-testing StarcatTests/KeychainManagerTests

Resolve Package Graph


Resolved source packages:
  KeychainAccess: https://github.com/kishikawakatsumi/KeychainAccess @ 4.2.2
  GRDB: https://github.com/groue/GRDB.swift @ 7.10.0
  Kingfisher: https://github.com/onevcat/Kingfisher @ 7.12.0

ComputePackagePrebuildTargetDependencyGraph

Prepare packages

CreateBuildRequest

SendProjectDescription

CreateBuildOperation

ComputeTargetDependencyGraph
note: Building targets in dependency order
note: Target dependency graph (11 targets)
    Target 'StarcatTests' in project 'Starcat'
        ➜ Explicit dependency on target 'Starcat' in project 'Starcat'
    Target 'Starcat' in project 'Starcat'
        ➜ Explicit dependency on target 'GRDB' in project 'GRDB'
        ➜ Explicit dependency on target 'KeychainAccess' in project 'KeychainAccess'
        ➜ Explicit dependency on target 'Kingfisher' in project 'Kingfisher'
    Target 'Kingfisher' in project 'Kingfisher'
        ➜ Explicit dependency on target 'Kingfisher' in project 'Kingfisher'
        ➜ Explicit dependency on target 'Kingfisher_Kingfisher' in project 'Kingfisher'
    Target 'Kingfisher' in project 'Kingfisher'
        ➜ Explicit dependency on target 'Kingfisher_Kingfisher' in project 'Kingfisher'
    Target 'Kingfisher_Kingfisher' in project 'Kingfisher' (no dependencies)
    Target 'KeychainAccess' in project 'KeychainAccess'
        ➜ Explicit dependency on target 'KeychainAccess' in project 'KeychainAccess'
    Target 'KeychainAccess' in project 'KeychainAccess' (no dependencies)
    Target 'GRDB' in project 'GRDB'
        ➜ Explicit dependency on target 'GRDB' in project 'GRDB'
        ➜ Explicit dependency on target 'GRDB_GRDB' in project 'GRDB'
    Target 'GRDB' in project 'GRDB'
        ➜ Explicit dependency on target 'GRDB_GRDB' in project 'GRDB'
        ➜ Explicit dependency on target 'GRDBSQLite' in project 'GRDB'
    Target 'GRDBSQLite' in project 'GRDB' (no dependencies)
    Target 'GRDB_GRDB' in project 'GRDB' (no dependencies)

GatherProvisioningInputs

CreateBuildDescription

ExecuteExternalTool /Applications/Xcode.app/Contents/Developer/Toolchains/XcodeDefault.xctoolchain/usr/bin/swiftc --version

ExecuteExternalTool /Applications/Xcode.app/Contents/Developer/usr/bin/xcstringstool compile --dry-run --output-directory /Users/dong4j/Library/Developer/Xcode/DerivedData/Starcat-eouewsdtfrudybdlkjgsbdbasefz/Build/Intermediates.noindex/Starcat.build/Debug/Starcat.build /Users/dong4j/Developer/1.AI/ai-incubator/Starcat/Starcat/Resources/Localizable.xcstrings

ExecuteExternalTool /Applications/Xcode.app/Contents/Developer/Toolchains/XcodeDefault.xctoolchain/usr/bin/clang -v -E -dM -isysroot /Applications/Xcode.app/Contents/Developer/Platforms/MacOSX.platform/Developer/SDKs/MacOSX26.5.sdk -x c -c /dev/null

ExecuteExternalTool /Applications/Xcode.app/Contents/Developer/usr/bin/actool --version --output-format xml1

ExecuteExternalTool /Applications/Xcode.app/Contents/Developer/Toolchains/XcodeDefault.xctoolchain/usr/bin/ld -version_details

ReadFileContents /Applications/Xcode.app/Contents/Developer/Toolchains/XcodeDefault.xctoolchain/usr/share/docc/features.json

Build description signature: 884eeb161c2a5227d12a5bcd756a89c8
Build description path: /Users/dong4j/Library/Developer/Xcode/DerivedData/Starcat-eouewsdtfrudybdlkjgsbdbasefz/Build/Intermediates.noindex/XCBuildData/884eeb161c2a5227d12a5bcd756a89c8.xcbuilddata
ClangStatCache /Applications/Xcode.app/Contents/Developer/Toolchains/XcodeDefault.xctoolchain/usr/bin/clang-stat-cache /Applications/Xcode.app/Contents/Developer/Platforms/MacOSX.platform/Developer/SDKs/MacOSX26.5.sdk /Users/dong4j/Library/Developer/Xcode/DerivedData/SDKStatCaches.noindex/macosx26.5-25F70-e082c4a02f00227109f4ed75e425c832.sdkstatcache
    cd /Users/dong4j/Developer/1.AI/ai-incubator/Starcat/Starcat.xcodeproj
    /Applications/Xcode.app/Contents/Developer/Toolchains/XcodeDefault.xctoolchain/usr/bin/clang-stat-cache /Applications/Xcode.app/Contents/Developer/Platforms/MacOSX.platform/Developer/SDKs/MacOSX26.5.sdk -o /Users/dong4j/Library/Developer/Xcode/DerivedData/SDKStatCaches.noindex/macosx26.5-25F70-e082c4a02f00227109f4ed75e425c832.sdkstatcache

ProcessInfoPlistFile /Users/dong4j/Library/Developer/Xcode/DerivedData/Starcat-eouewsdtfrudybdlkjgsbdbasefz/Build/Products/Debug/GRDB_GRDB.bundle/Contents/Info.plist /Users/dong4j/Library/Developer/Xcode/DerivedData/Starcat-eouewsdtfrudybdlkjgsbdbasefz/Build/Intermediates.noindex/GRDB.build/Debug/GRDB_GRDB.build/empty-GRDB_GRDB.plist (in target 'GRDB_GRDB' from project 'GRDB')
    cd /Users/dong4j/Library/Developer/Xcode/DerivedData/Starcat-eouewsdtfrudybdlkjgsbdbasefz/SourcePackages/checkouts/GRDB.swift
    builtin-infoPlistUtility /Users/dong4j/Library/Developer/Xcode/DerivedData/Starcat-eouewsdtfrudybdlkjgsbdbasefz/Build/Intermediates.noindex/GRDB.build/Debug/GRDB_GRDB.build/empty-GRDB_GRDB.plist -producttype com.apple.product-type.bundle -expandbuildsettings -platform macosx -o /Users/dong4j/Library/Developer/Xcode/DerivedData/Starcat-eouewsdtfrudybdlkjgsbdbasefz/Build/Products/Debug/GRDB_GRDB.bundle/Contents/Info.plist

ProcessInfoPlistFile /Users/dong4j/Library/Developer/Xcode/DerivedData/Starcat-eouewsdtfrudybdlkjgsbdbasefz/Build/Products/Debug/Kingfisher_Kingfisher.bundle/Contents/Info.plist /Users/dong4j/Library/Developer/Xcode/DerivedData/Starcat-eouewsdtfrudybdlkjgsbdbasefz/Build/Intermediates.noindex/Kingfisher.build/Debug/Kingfisher_Kingfisher.build/empty-Kingfisher_Kingfisher.plist (in target 'Kingfisher_Kingfisher' from project 'Kingfisher')
    cd /Users/dong4j/Library/Developer/Xcode/DerivedData/Starcat-eouewsdtfrudybdlkjgsbdbasefz/SourcePackages/checkouts/Kingfisher
    builtin-infoPlistUtility /Users/dong4j/Library/Developer/Xcode/DerivedData/Starcat-eouewsdtfrudybdlkjgsbdbasefz/Build/Intermediates.noindex/Kingfisher.build/Debug/Kingfisher_Kingfisher.build/empty-Kingfisher_Kingfisher.plist -producttype com.apple.product-type.bundle -expandbuildsettings -platform macosx -o /Users/dong4j/Library/Developer/Xcode/DerivedData/Starcat-eouewsdtfrudybdlkjgsbdbasefz/Build/Products/Debug/Kingfisher_Kingfisher.bundle/Contents/Info.plist

note: Disabling hardened runtime with ad-hoc codesigning. (in target 'Starcat' from project 'Starcat')
ProcessInfoPlistFile /Users/dong4j/Library/Developer/Xcode/DerivedData/Starcat-eouewsdtfrudybdlkjgsbdbasefz/Build/Products/Debug/Starcat.app/Contents/Info.plist /Users/dong4j/Developer/1.AI/ai-incubator/Starcat/Starcat/Generated/Info.generated.plist (in target 'Starcat' from project 'Starcat')
    cd /Users/dong4j/Developer/1.AI/ai-incubator/Starcat
    builtin-infoPlistUtility /Users/dong4j/Developer/1.AI/ai-incubator/Starcat/Starcat/Generated/Info.generated.plist -producttype com.apple.product-type.application -genpkginfo /Users/dong4j/Library/Developer/Xcode/DerivedData/Starcat-eouewsdtfrudybdlkjgsbdbasefz/Build/Products/Debug/Starcat.app/Contents/PkgInfo -expandbuildsettings -platform macosx -additionalcontentfile /Users/dong4j/Library/Developer/Xcode/DerivedData/Starcat-eouewsdtfrudybdlkjgsbdbasefz/Build/Intermediates.noindex/Starcat.build/Debug/Starcat.build/assetcatalog_generated_info.plist -scanforprivacyfile /Users/dong4j/Library/Developer/Xcode/DerivedData/Starcat-eouewsdtfrudybdlkjgsbdbasefz/Build/Products/Debug/Starcat.app/Contents/Resources/GRDB_GRDB.bundle -scanforprivacyfile /Users/dong4j/Library/Developer/Xcode/DerivedData/Starcat-eouewsdtfrudybdlkjgsbdbasefz/Build/Products/Debug/Starcat.app/Contents/Resources/Kingfisher_Kingfisher.bundle -o /Users/dong4j/Library/Developer/Xcode/DerivedData/Starcat-eouewsdtfrudybdlkjgsbdbasefz/Build/Products/Debug/Starcat.app/Contents/Info.plist

CompileXCStrings /Users/dong4j/Library/Developer/Xcode/DerivedData/Starcat-eouewsdtfrudybdlkjgsbdbasefz/Build/Intermediates.noindex/Starcat.build/Debug/Starcat.build/ /Users/dong4j/Developer/1.AI/ai-incubator/Starcat/Starcat/Resources/Localizable.xcstrings (in target 'Starcat' from project 'Starcat')
    cd /Users/dong4j/Developer/1.AI/ai-incubator/Starcat
    /Applications/Xcode.app/Contents/Developer/usr/bin/xcstringstool compile --output-directory /Users/dong4j/Library/Developer/Xcode/DerivedData/Starcat-eouewsdtfrudybdlkjgsbdbasefz/Build/Intermediates.noindex/Starcat.build/Debug/Starcat.build /Users/dong4j/Developer/1.AI/ai-incubator/Starcat/Starcat/Resources/Localizable.xcstrings

CopyStringsFile /Users/dong4j/Library/Developer/Xcode/DerivedData/Starcat-eouewsdtfrudybdlkjgsbdbasefz/Build/Products/Debug/Starcat.app/Contents/Resources/zh-Hans.lproj/Localizable.strings /Users/dong4j/Library/Developer/Xcode/DerivedData/Starcat-eouewsdtfrudybdlkjgsbdbasefz/Build/Intermediates.noindex/Starcat.build/Debug/Starcat.build/zh-Hans.lproj/Localizable.strings (in target 'Starcat' from project 'Starcat')
    cd /Users/dong4j/Developer/1.AI/ai-incubator/Starcat
    builtin-copyStrings --validate --outputencoding UTF-16 --outfilename Localizable.strings --outdir /Users/dong4j/Library/Developer/Xcode/DerivedData/Starcat-eouewsdtfrudybdlkjgsbdbasefz/Build/Products/Debug/Starcat.app/Contents/Resources/zh-Hans.lproj -- /Users/dong4j/Library/Developer/Xcode/DerivedData/Starcat-eouewsdtfrudybdlkjgsbdbasefz/Build/Intermediates.noindex/Starcat.build/Debug/Starcat.build/zh-Hans.lproj/Localizable.strings
/Users/dong4j/Library/Developer/Xcode/DerivedData/Starcat-eouewsdtfrudybdlkjgsbdbasefz/Build/Intermediates.noindex/Starcat.build/Debug/Starcat.build/zh-Hans.lproj/Localizable.strings:1:1: note: detected encoding of input file as Unicode (UTF-8) (in target 'Starcat' from project 'Starcat')

CopyStringsFile /Users/dong4j/Library/Developer/Xcode/DerivedData/Starcat-eouewsdtfrudybdlkjgsbdbasefz/Build/Products/Debug/Starcat.app/Contents/Resources/en.lproj/Localizable.strings /Users/dong4j/Library/Developer/Xcode/DerivedData/Starcat-eouewsdtfrudybdlkjgsbdbasefz/Build/Intermediates.noindex/Starcat.build/Debug/Starcat.build/en.lproj/Localizable.strings (in target 'Starcat' from project 'Starcat')
    cd /Users/dong4j/Developer/1.AI/ai-incubator/Starcat
    builtin-copyStrings --validate --outputencoding UTF-16 --outfilename Localizable.strings --outdir /Users/dong4j/Library/Developer/Xcode/DerivedData/Starcat-eouewsdtfrudybdlkjgsbdbasefz/Build/Products/Debug/Starcat.app/Contents/Resources/en.lproj -- /Users/dong4j/Library/Developer/Xcode/DerivedData/Starcat-eouewsdtfrudybdlkjgsbdbasefz/Build/Intermediates.noindex/Starcat.build/Debug/Starcat.build/en.lproj/Localizable.strings
/Users/dong4j/Library/Developer/Xcode/DerivedData/Starcat-eouewsdtfrudybdlkjgsbdbasefz/Build/Intermediates.noindex/Starcat.build/Debug/Starcat.build/en.lproj/Localizable.strings:1:1: note: detected encoding of input file as Unicode (UTF-8) (in target 'Starcat' from project 'Starcat')

CopySwiftLibs /Users/dong4j/Library/Developer/Xcode/DerivedData/Starcat-eouewsdtfrudybdlkjgsbdbasefz/Build/Products/Debug/Starcat.app (in target 'Starcat' from project 'Starcat')
    cd /Users/dong4j/Developer/1.AI/ai-incubator/Starcat
    builtin-swiftStdLibTool --copy --verbose --sign - --scan-executable /Users/dong4j/Library/Developer/Xcode/DerivedData/Starcat-eouewsdtfrudybdlkjgsbdbasefz/Build/Products/Debug/Starcat.app/Contents/MacOS/Starcat.debug.dylib --scan-folder /Users/dong4j/Library/Developer/Xcode/DerivedData/Starcat-eouewsdtfrudybdlkjgsbdbasefz/Build/Products/Debug/Starcat.app/Contents/Frameworks --scan-folder /Users/dong4j/Library/Developer/Xcode/DerivedData/Starcat-eouewsdtfrudybdlkjgsbdbasefz/Build/Products/Debug/Starcat.app/Contents/PlugIns --scan-folder /Users/dong4j/Library/Developer/Xcode/DerivedData/Starcat-eouewsdtfrudybdlkjgsbdbasefz/Build/Products/Debug/Starcat.app/Contents/Library/SystemExtensions --scan-folder /Users/dong4j/Library/Developer/Xcode/DerivedData/Starcat-eouewsdtfrudybdlkjgsbdbasefz/Build/Products/Debug/Starcat.app/Contents/Extensions --platform macosx --toolchain /Applications/Xcode.app/Contents/Developer/Toolchains/XcodeDefault.xctoolchain --destination /Users/dong4j/Library/Developer/Xcode/DerivedData/Starcat-eouewsdtfrudybdlkjgsbdbasefz/Build/Products/Debug/Starcat.app/Contents/Frameworks --strip-bitcode --strip-bitcode-tool /Applications/Xcode.app/Contents/Developer/Toolchains/XcodeDefault.xctoolchain/usr/bin/bitcode_strip --emit-dependency-info /Users/dong4j/Library/Developer/Xcode/DerivedData/Starcat-eouewsdtfrudybdlkjgsbdbasefz/Build/Intermediates.noindex/Starcat.build/Debug/Starcat.build/SwiftStdLibToolInputDependencies.dep --filter-for-swift-os --back-deploy-swift-span

ProcessInfoPlistFile /Users/dong4j/Library/Developer/Xcode/DerivedData/Starcat-eouewsdtfrudybdlkjgsbdbasefz/Build/Products/Debug/Starcat.app/Contents/PlugIns/StarcatTests.xctest/Contents/Info.plist /Users/dong4j/Library/Developer/Xcode/DerivedData/Starcat-eouewsdtfrudybdlkjgsbdbasefz/Build/Intermediates.noindex/Starcat.build/Debug/StarcatTests.build/empty-StarcatTests.plist (in target 'StarcatTests' from project 'Starcat')
    cd /Users/dong4j/Developer/1.AI/ai-incubator/Starcat
    builtin-infoPlistUtility /Users/dong4j/Library/Developer/Xcode/DerivedData/Starcat-eouewsdtfrudybdlkjgsbdbasefz/Build/Intermediates.noindex/Starcat.build/Debug/StarcatTests.build/empty-StarcatTests.plist -producttype com.apple.product-type.bundle.unit-test -expandbuildsettings -platform macosx -scanforprivacyfile /Users/dong4j/Library/Developer/Xcode/DerivedData/Starcat-eouewsdtfrudybdlkjgsbdbasefz/Build/Products/Debug/Starcat.app/Contents/PlugIns/StarcatTests.xctest/Contents/Resources/GRDB_GRDB.bundle -scanforprivacyfile /Users/dong4j/Library/Developer/Xcode/DerivedData/Starcat-eouewsdtfrudybdlkjgsbdbasefz/Build/Products/Debug/Starcat.app/Contents/PlugIns/StarcatTests.xctest/Contents/Resources/Kingfisher_Kingfisher.bundle -o /Users/dong4j/Library/Developer/Xcode/DerivedData/Starcat-eouewsdtfrudybdlkjgsbdbasefz/Build/Products/Debug/Starcat.app/Contents/PlugIns/StarcatTests.xctest/Contents/Info.plist

CopySwiftLibs /Users/dong4j/Library/Developer/Xcode/DerivedData/Starcat-eouewsdtfrudybdlkjgsbdbasefz/Build/Products/Debug/Starcat.app/Contents/PlugIns/StarcatTests.xctest (in target 'StarcatTests' from project 'Starcat')
    cd /Users/dong4j/Developer/1.AI/ai-incubator/Starcat
    builtin-swiftStdLibTool --copy --verbose --sign - --scan-executable /Users/dong4j/Library/Developer/Xcode/DerivedData/Starcat-eouewsdtfrudybdlkjgsbdbasefz/Build/Products/Debug/Starcat.app/Contents/PlugIns/StarcatTests.xctest/Contents/MacOS/StarcatTests --scan-folder /Users/dong4j/Library/Developer/Xcode/DerivedData/Starcat-eouewsdtfrudybdlkjgsbdbasefz/Build/Products/Debug/Starcat.app/Contents/PlugIns/StarcatTests.xctest/Contents/Frameworks --scan-folder /Users/dong4j/Library/Developer/Xcode/DerivedData/Starcat-eouewsdtfrudybdlkjgsbdbasefz/Build/Products/Debug/Starcat.app/Contents/PlugIns/StarcatTests.xctest/Contents/PlugIns --scan-folder /Users/dong4j/Library/Developer/Xcode/DerivedData/Starcat-eouewsdtfrudybdlkjgsbdbasefz/Build/Products/Debug/Starcat.app/Contents/PlugIns/StarcatTests.xctest/Contents/Library/SystemExtensions --scan-folder /Users/dong4j/Library/Developer/Xcode/DerivedData/Starcat-eouewsdtfrudybdlkjgsbdbasefz/Build/Products/Debug/Starcat.app/Contents/PlugIns/StarcatTests.xctest/Contents/Extensions --platform macosx --toolchain /Applications/Xcode.app/Contents/Developer/Toolchains/XcodeDefault.xctoolchain --destination /Users/dong4j/Library/Developer/Xcode/DerivedData/Starcat-eouewsdtfrudybdlkjgsbdbasefz/Build/Products/Debug/Starcat.app/Contents/PlugIns/StarcatTests.xctest/Contents/Frameworks --strip-bitcode --scan-executable /Applications/Xcode.app/Contents/Developer/Platforms/MacOSX.platform/Developer/usr/lib/libXCTestSwiftSupport.dylib --strip-bitcode-tool /Applications/Xcode.app/Contents/Developer/Toolchains/XcodeDefault.xctoolchain/usr/bin/bitcode_strip --emit-dependency-info /Users/dong4j/Library/Developer/Xcode/DerivedData/Starcat-eouewsdtfrudybdlkjgsbdbasefz/Build/Intermediates.noindex/Starcat.build/Debug/StarcatTests.build/SwiftStdLibToolInputDependencies.dep --filter-for-swift-os --back-deploy-swift-span

2026-06-01 17:12:11.855873+0800 Starcat[36484:37403726] [general] Starcat starting (bundle=com.starcat.app)
2026-06-01 17:12:11.868374+0800 Starcat[36484:37403726] [database] Migrations applied: v1-initial, v2-sync-state-etag
2026-06-01 17:12:11.868399+0800 Starcat[36484:37403726] [database] Database initialized at /Users/dong4j/Library/Containers/com.starcat.app/Data/Library/Application Support/com.starcat.app/starcat.sqlite
2026-06-01 17:12:11.868437+0800 Starcat[36484:37403726] [general] Test host detected, skipping Keychain self-check
2026-06-01 17:12:11.868442+0800 Starcat[36484:37403726] [general] Starcat bootstrap complete
2026-06-01 17:12:11.873835+0800 Starcat[36484:37403726] [auth] Using GithubDeviceFlowService
2026-06-01 17:12:11.934239+0800 Starcat[36484:37403847] [Connection] Unable to get synchronousRemoteObjectProxy, error: Error Domain=NSCocoaErrorDomain Code=4097 "connection to service named com.apple.linkd.autoShortcut" UserInfo={NSDebugDescription=connection to service named com.apple.linkd.autoShortcut}
2026-06-01 17:12:11.934316+0800 Starcat[36484:37403847] [Application] Error registering app with intents framework: Error Domain=NSCocoaErrorDomain Code=4097 "connection to service named com.apple.linkd.autoShortcut" UserInfo={NSDebugDescription=connection to service named com.apple.linkd.autoShortcut}
2026-06-01 17:12:11.935014+0800 Starcat[36484:37403790] [Connection] Unable to get synchronousRemoteObjectProxy, error: Error Domain=NSCocoaErrorDomain Code=4097 "connection to service named com.apple.linkd.autoShortcut" UserInfo={NSDebugDescription=connection to service named com.apple.linkd.autoShortcut}
2026-06-01 17:12:11.935041+0800 Starcat[36484:37403790] [Connection] Unable to re-register with Process Instance Registry, error: Error Domain=NSCocoaErrorDomain Code=4097 "connection to service named com.apple.linkd.autoShortcut" UserInfo={NSDebugDescription=connection to service named com.apple.linkd.autoShortcut}
2026-06-01 17:12:11.935673+0800 Starcat[36484:37403848] [Connection] Unable to get synchronousRemoteObjectProxy, error: Error Domain=NSCocoaErrorDomain Code=4097 "connection to service named com.apple.linkd.autoShortcut" UserInfo={NSDebugDescription=connection to service named com.apple.linkd.autoShortcut}
2026-06-01 17:12:11.935729+0800 Starcat[36484:37403848] [Connection] Unable to re-register with Process Instance Registry, error: Error Domain=NSCocoaErrorDomain Code=4097 "connection to service named com.apple.linkd.autoShortcut" UserInfo={NSDebugDescription=connection to service named com.apple.linkd.autoShortcut}
2026-06-01 17:12:11.936722+0800 Starcat[36484:37403790] [Connection] Will NOT re-try to establish the connection
2026-06-01 17:12:11.936780+0800 Starcat[36484:37403847] [Connection] Unable to get synchronousRemoteObjectProxy, error: Error Domain=NSCocoaErrorDomain Code=4097 "connection to service named com.apple.linkd.autoShortcut" UserInfo={NSDebugDescription=connection to service named com.apple.linkd.autoShortcut}
2026-06-01 17:12:11.936796+0800 Starcat[36484:37403847] [Connection] Unable to re-register with Process Instance Registry, error: Error Domain=NSCocoaErrorDomain Code=4097 "connection to service named com.apple.linkd.autoShortcut" UserInfo={NSDebugDescription=connection to service named com.apple.linkd.autoShortcut}
2026-06-01 17:12:11.977637+0800 Starcat[36484:37403726] ApplePersistenceIgnoreState: Existing state will not be touched. New state will be written to /Users/dong4j/Library/Containers/com.starcat.app/Data/tmp/com.starcat.app.savedState
2026-06-01 17:12:12.252825+0800 Starcat[36484:37403726] [WarnOnce] It's not legal to call -layoutSubtreeIfNeeded on a view which is already being laid out.  If you are implementing the view's -layout method, you can call -[super layout] instead.  Break on void _NSDetectedLayoutRecursion(void) to debug.  This will be logged only once.  This may break in the future.
2026-06-01 17:12:12.446453+0800 Starcat[36484:37403726] [auth] restore: test host detected, skip session restore
2026-06-01 17:12:12.718062+0800 Starcat[36484:37403847] [network] Fetching trending: daily/
2026-06-01 17:12:12.730152+0800 Starcat[36484:37403726] WARNING: Application performed a reentrant operation in its NSTableView delegate. This warning will become an assert in the future.
Test Suite 'Selected tests' started at 2026-06-01 17:12:12.858.
Test Suite 'StarcatTests.xctest' started at 2026-06-01 17:12:12.858.
Test Suite 'StarcatTests.xctest' passed at 2026-06-01 17:12:12.858.
	 Executed 0 tests, with 0 failures (0 unexpected) in 0.000 (0.000) seconds
Test Suite 'Selected tests' passed at 2026-06-01 17:12:12.858.
	 Executed 0 tests, with 0 failures (0 unexpected) in 0.000 (0.001) seconds
◇ Test run started.
↳ Testing Library Version: 1902
↳ Target Platform: arm64e-apple-macos14.0
◇ Suite "KeychainManager" started.
◇ Test "ping 自检：写读一致" started.
2026-06-01 17:12:12.867147+0800 Starcat[36484:37403790] [Metadata] unable to get a dev_t for store 1795162160.
2026-06-01 17:12:12.867195+0800 Starcat[36484:37404180] [keychain] Secure store self-check ok
✔ Test "ping 自检：写读一致" passed after 0.003 seconds.
◇ Test "GitHub token 写读删" started.
2026-06-01 17:12:12.868525+0800 Starcat[36484:37404183] [keychain] storeGithubToken: encrypted file write ok
2026-06-01 17:12:12.868683+0800 Starcat[36484:37404183] [keychain] loadGithubToken: hit
2026-06-01 17:12:12.869735+0800 Starcat[36484:37404183] [keychain] deleteGithubToken: local file removed
2026-06-01 17:12:12.869903+0800 Starcat[36484:37404183] [keychain] loadGithubToken: miss
✔ Test "GitHub token 写读删" passed after 0.002 seconds.
◇ Test "AI key 写读删" started.
2026-06-01 17:12:12.871200+0800 Starcat[36484:37403999] [keychain] AI key stored securely
2026-06-01 17:12:12.872207+0800 Starcat[36484:37403999] [keychain] AI key removed
✔ Test "AI key 写读删" passed after 0.002 seconds.
✔ Suite "KeychainManager" passed after 0.008 seconds.
✔ Test run with 3 tests in 1 suite passed after 0.009 seconds.
2026-06-01 17:12:13.148 xcodebuild[35922:37402285] [MT] IDETestOperationsObserverDebug: 1.908 elapsed -- Testing started completed.
2026-06-01 17:12:13.148 xcodebuild[35922:37402285] [MT] IDETestOperationsObserverDebug: 0.000 sec, +0.000 sec -- start
2026-06-01 17:12:13.148 xcodebuild[35922:37402285] [MT] IDETestOperationsObserverDebug: 1.908 sec, +1.908 sec -- end

Test session results, code coverage, and logs:
	/Users/dong4j/Library/Developer/Xcode/DerivedData/Starcat-eouewsdtfrudybdlkjgsbdbasefz/Logs/Test/Test-Starcat-2026.06.01_17-12-09-+0800.xcresult

** TEST SUCCEEDED **

Testing started
